\BOOKMARK [1][-]{section.1}{\376\377\174\373\176\337\227\000\154\102\122\006\147\220}{}% 1
\BOOKMARK [2][-]{subsection.1.1}{\376\377\133\211\121\150\227\000\154\102}{section.1}% 2
\BOOKMARK [3][-]{subsubsection.1.1.1}{\376\377\135\362\167\345\000\040\000W\000e\000b\000\040\145\073\121\373\213\306\122\053}{subsection.1.1}% 3
\BOOKMARK [3][-]{subsubsection.1.1.2}{\376\377\146\264\122\233\170\064\211\343\210\114\116\072\123\321\163\260}{subsection.1.1}% 4
\BOOKMARK [3][-]{subsubsection.1.1.3}{\376\377\177\121\176\334\142\153\143\317\116\016\152\052\124\021\142\151\145\143\213\306\122\053}{subsection.1.1}% 5
\BOOKMARK [3][-]{subsubsection.1.1.4}{\376\377\137\002\136\070\131\026\200\124\116\016\000\040\000C\0002\000\040\220\032\117\341\150\300\155\113}{subsection.1.1}% 6
\BOOKMARK [2][-]{subsection.1.2}{\376\377\121\167\117\123\122\237\200\375\211\201\154\102}{section.1}% 7
\BOOKMARK [2][-]{subsection.1.3}{\376\377\137\000\123\321\136\163\123\360\211\201\154\102}{section.1}% 8
\BOOKMARK [2][-]{subsection.1.4}{\376\377\217\320\210\114\163\257\130\203\211\201\154\102}{section.1}% 9
\BOOKMARK [1][-]{section.2}{\376\377\213\241\122\022\217\333\136\246\133\211\143\222}{}% 10
\BOOKMARK [1][-]{section.3}{\376\377\174\373\176\337\140\073\117\123\147\266\147\204}{}% 11
\BOOKMARK [2][-]{subsection.3.1}{\376\377\136\163\123\360\147\266\147\204}{section.3}% 12
\BOOKMARK [2][-]{subsection.3.2}{\376\377\122\237\200\375\147\266\147\204\116\016\145\160\143\156\155\101}{section.3}% 13
\BOOKMARK [1][-]{section.4}{\376\377\174\373\176\337\122\237\200\375\152\041\127\127\116\000\377\032\145\160\143\156\143\125\203\267\116\016\123\117\213\256\211\343\147\220\377\010\147\116\124\362\377\011}{}% 14
\BOOKMARK [2][-]{subsection.4.1}{\376\377\152\041\127\127\176\323\147\204\116\016\214\003\165\050\121\163\174\373}{section.4}% 15
\BOOKMARK [2][-]{subsection.4.2}{\376\377\142\245\145\207\143\125\203\267\133\120\152\041\127\127\377\010\000p\000a\000c\000k\000e\000t\000\137\000c\000a\000p\000t\000u\000r\000e\000.\000p\000y\377\011}{section.4}% 16
\BOOKMARK [2][-]{subsection.4.3}{\376\377\123\117\213\256\211\343\147\220\116\016\155\101\221\315\176\304\133\120\152\041\127\127}{section.4}% 17
\BOOKMARK [2][-]{subsection.4.4}{\376\377\000M\000o\000c\000k\000\040\145\160\143\156\165\037\142\020\126\150\377\010\000m\000o\000c\000k\000\137\000g\000e\000n\000e\000r\000a\000t\000o\000r\000.\000p\000y\377\011}{section.4}% 18
\BOOKMARK [1][-]{section.5}{\376\377\174\373\176\337\122\237\200\375\152\041\127\127\116\214\377\032\162\171\137\201\210\114\116\072\150\300\155\113\137\025\144\316\377\010\146\376\133\120\140\122\377\011}{}% 19
\BOOKMARK [2][-]{subsection.5.1}{\376\377\152\041\127\127\176\323\147\204}{section.5}% 20
\BOOKMARK [2][-]{subsection.5.2}{\376\377\162\171\137\201\136\223\173\241\164\006\377\010\000s\000i\000g\000n\000a\000t\000u\000r\000e\000\137\000d\000b\000.\000p\000y\377\011}{section.5}% 21
\BOOKMARK [2][-]{subsection.5.3}{\376\377\123\071\221\115\137\025\144\316\377\010\000m\000a\000t\000c\000h\000e\000r\000.\000p\000y\377\011}{section.5}% 22
\BOOKMARK [1][-]{section.6}{\376\377\174\373\176\337\122\237\200\375\152\041\127\127\116\011\377\032\146\264\122\233\170\064\211\343\150\300\155\113\152\041\127\127\377\010\226\110\137\327\140\122\377\011}{}% 23
\BOOKMARK [2][-]{subsection.6.1}{\376\377\152\041\127\127\176\323\147\204}{section.6}% 24
\BOOKMARK [2][-]{subsection.6.2}{\376\377\217\336\143\245\134\035\213\325\145\066\226\306\377\010\000\137\000c\000o\000l\000l\000e\000c\000t\000\137\000a\000t\000t\000e\000m\000p\000t\000s\377\011}{section.6}% 25
\BOOKMARK [2][-]{subsection.6.3}{\376\377\156\321\122\250\172\227\123\343\133\306\136\246\176\337\213\241\377\010\000\137\000m\000a\000x\000\137\000c\000o\000u\000n\000t\000\137\000i\000n\000\137\000w\000i\000n\000d\000o\000w\377\011}{section.6}% 26
\BOOKMARK [2][-]{subsection.6.4}{\376\377\124\112\213\146\116\247\121\372}{section.6}% 27
\BOOKMARK [1][-]{section.7}{\376\377\174\373\176\337\122\237\200\375\152\041\127\127\126\333\377\032\137\002\136\070\210\114\116\072\150\300\155\113\152\041\127\127\377\010\131\334\145\260\146\150\377\011}{}% 28
\BOOKMARK [2][-]{subsection.7.1}{\376\377\152\041\127\127\176\323\147\204}{section.7}% 29
\BOOKMARK [2][-]{subsection.7.2}{\376\377\127\372\176\277\221\115\177\156\377\010\000b\000a\000s\000e\000l\000i\000n\000e\000.\000p\000y\377\011}{section.7}% 30
\BOOKMARK [2][-]{subsection.7.3}{\376\377\172\357\123\343\142\153\143\317\150\300\155\113}{section.7}% 31
\BOOKMARK [2][-]{subsection.7.4}{\376\377\137\002\136\070\131\026\200\124\150\300\155\113}{section.7}% 32
\BOOKMARK [1][-]{section.8}{\376\377\174\373\176\337\122\237\200\375\152\041\127\127\116\224\377\032\124\112\213\146\154\107\140\073\116\016\166\321\143\247\000G\000U\000I\377\010\227\351\133\207\230\336\377\011}{}% 33
\BOOKMARK [2][-]{subsection.8.1}{\376\377\152\041\127\127\176\323\147\204}{section.8}% 34
\BOOKMARK [2][-]{subsection.8.2}{\376\377\210\114\116\072\121\163\200\124\154\107\140\073\377\010\000a\000g\000g\000r\000e\000g\000a\000t\000o\000r\000.\000p\000y\377\011}{section.8}% 35
\BOOKMARK [2][-]{subsection.8.3}{\376\377\126\376\137\142\166\321\143\247\165\114\227\142\377\010\000g\000u\000i\000.\000p\000y\377\011}{section.8}% 36
\BOOKMARK [1][-]{section.9}{\376\377\143\245\123\343\213\276\213\241}{}% 37
\BOOKMARK [2][-]{subsection.9.1}{\376\377\142\245\145\207\213\260\137\125\150\074\137\017\377\010\000P\000a\000c\000k\000e\000t\000\040\000R\000e\000c\000o\000r\000d\377\011}{section.9}% 38
\BOOKMARK [2][-]{subsection.9.2}{\376\377\176\337\116\000\124\112\213\146\150\074\137\017\377\010\000A\000l\000e\000r\000t\000\040\000R\000e\000c\000o\000r\000d\377\011}{section.9}% 39
\BOOKMARK [2][-]{subsection.9.3}{\376\377\176\337\116\000\121\375\145\160\173\176\124\015}{section.9}% 40
\BOOKMARK [2][-]{subsection.9.4}{\376\377\176\337\116\000\145\345\137\327\211\304\203\003}{section.9}% 41
\BOOKMARK [1][-]{section.10}{\376\377\137\000\123\321\136\163\123\360}{}% 42
\BOOKMARK [2][-]{subsection.10.1}{\376\377\217\157\116\366\136\163\123\360}{section.10}% 43
\BOOKMARK [2][-]{subsection.10.2}{\376\377\170\154\116\366\136\163\123\360}{section.10}% 44
\BOOKMARK [1][-]{section.11}{\376\377\174\373\176\337\121\372\225\031\131\004\164\006}{}% 45
